2025-07-10 13:30:22,035 - INFO - 出力ディレクトリを作成しました: detected_faces_downsampled
2025-07-10 13:30:22,035 - INFO - 処理対象ファイル数: 119
2025-07-10 13:30:22,035 - INFO - 目標サイズ: (224, 224)
2025-07-10 13:30:22,035 - INFO - JPEG品質: 85
2025-07-10 13:30:22,035 - INFO - 処理中 (1/119): 000075_face0.jpg
2025-07-10 13:30:22,064 - INFO - 処理中 (2/119): 000075_face1.jpg
2025-07-10 13:30:22,070 - INFO - 処理中 (3/119): 000054_face0.jpg
2025-07-10 13:30:22,075 - INFO - 処理中 (4/119): 000112_face0.jpg
2025-07-10 13:30:22,081 - INFO - 処理中 (5/119): 000106_face0.jpg
2025-07-10 13:30:22,085 - INFO - 処理中 (6/119): 000089_face0.jpg
2025-07-10 13:30:22,090 - INFO - 処理中 (7/119): 000040_face0.jpg
2025-07-10 13:30:22,095 - INFO - 処理中 (8/119): 000016_face0.jpg
2025-07-10 13:30:22,100 - INFO - 処理中 (9/119): 000002_face0.jpg
2025-07-10 13:30:22,105 - INFO - 処理中 (10/119): 000078_face0.jpg
2025-07-10 13:30:22,110 - INFO - 処理中 (11/119): 000023_face0.jpg
2025-07-10 13:30:22,116 - INFO - 処理中 (12/119): 000059_face0.jpg
2025-07-10 13:30:22,122 - INFO - 処理中 (13/119): 000090_face0.jpg
2025-07-10 13:30:22,126 - INFO - 処理中 (14/119): 000084_face0.jpg
2025-07-10 13:30:22,132 - INFO - 処理中 (15/119): 000037_face0.jpg
2025-07-10 13:30:22,138 - INFO - 処理中 (16/119): 000114_face0.jpg
2025-07-10 13:30:22,144 - INFO - 処理中 (17/119): 000052_face0.jpg
2025-07-10 13:30:22,149 - INFO - 処理中 (18/119): 000028_face0.jpg
2025-07-10 13:30:22,154 - INFO - 処理中 (19/119): 000046_face0.jpg
2025-07-10 13:30:22,159 - INFO - 処理中 (20/119): 000100_face0.jpg
2025-07-10 13:30:22,164 - INFO - 処理中 (21/119): 000067_face0.jpg
2025-07-10 13:30:22,169 - INFO - 処理中 (22/119): 000121_face0.jpg
2025-07-10 13:30:22,174 - INFO - 処理中 (23/119): 000073_face0.jpg
2025-07-10 13:30:22,178 - INFO - 処理中 (24/119): 000028_face1.jpg
2025-07-10 13:30:22,182 - INFO - 処理中 (25/119): 000009_face0.jpg
2025-07-10 13:30:22,187 - INFO - 処理中 (26/119): 000096_face0.jpg
2025-07-10 13:30:22,192 - INFO - 処理中 (27/119): 000119_face0.jpg
2025-07-10 13:30:22,197 - INFO - 処理中 (28/119): 000025_face0.jpg
2025-07-10 13:30:22,202 - INFO - 処理中 (29/119): 000031_face0.jpg
2025-07-10 13:30:22,207 - INFO - 処理中 (30/119): 000004_face0.jpg
2025-07-10 13:30:22,211 - INFO - 処理中 (31/119): 000055_face1.jpg
2025-07-10 13:30:22,216 - INFO - 処理中 (32/119): 000060_face0.jpg
2025-07-10 13:30:22,221 - INFO - 処理中 (33/119): 000126_face0.jpg
2025-07-10 13:30:22,225 - INFO - 処理中 (34/119): 000085_face2.jpg
2025-07-10 13:30:22,231 - INFO - 処理中 (35/119): 000085_face3.jpg
2025-07-10 13:30:22,236 - INFO - 処理中 (36/119): 000088_face0.jpg
2025-07-10 13:30:22,240 - INFO - 処理中 (37/119): 000041_face0.jpg
2025-07-10 13:30:22,245 - INFO - 処理中 (38/119): 000107_face0.jpg
2025-07-10 13:30:22,250 - INFO - 処理中 (39/119): 000113_face0.jpg
2025-07-10 13:30:22,254 - INFO - 処理中 (40/119): 000055_face0.jpg
2025-07-10 13:30:22,258 - INFO - 処理中 (41/119): 000003_face0.jpg
2025-07-10 13:30:22,263 - INFO - 処理中 (42/119): 000017_face0.jpg
2025-07-10 13:30:22,268 - INFO - 処理中 (43/119): 000085_face1.jpg
2025-07-10 13:30:22,273 - INFO - 処理中 (44/119): 000085_face0.jpg
2025-07-10 13:30:22,278 - INFO - 処理中 (45/119): 000036_face0.jpg
2025-07-10 13:30:22,283 - INFO - 処理中 (46/119): 000022_face0.jpg
2025-07-10 13:30:22,288 - INFO - 処理中 (47/119): 000058_face0.jpg
2025-07-10 13:30:22,293 - INFO - 処理中 (48/119): 000101_face0.jpg
2025-07-10 13:30:22,298 - INFO - 処理中 (49/119): 000047_face0.jpg
2025-07-10 13:30:22,303 - INFO - 処理中 (50/119): 000053_face0.jpg
2025-07-10 13:30:22,307 - INFO - 処理中 (51/119): 000115_face0.jpg
2025-07-10 13:30:22,312 - INFO - 処理中 (52/119): 000029_face0.jpg
2025-07-10 13:30:22,317 - INFO - 処理中 (53/119): 000085_face4.jpg
2025-07-10 13:30:22,322 - INFO - 処理中 (54/119): 000085_face5.jpg
2025-07-10 13:30:22,327 - INFO - 処理中 (55/119): 000072_face0.jpg
2025-07-10 13:30:22,332 - INFO - 処理中 (56/119): 000120_face0.jpg
2025-07-10 13:30:22,336 - INFO - 処理中 (57/119): 000066_face0.jpg
2025-07-10 13:30:22,341 - INFO - 処理中 (58/119): 000030_face0.jpg
2025-07-10 13:30:22,345 - INFO - 処理中 (59/119): 000083_face0.jpg
2025-07-10 13:30:22,350 - INFO - 処理中 (60/119): 000097_face0.jpg
2025-07-10 13:30:22,355 - INFO - 処理中 (61/119): 000024_face0.jpg
2025-07-10 13:30:22,360 - INFO - 処理中 (62/119): 000085_face6.jpg
2025-07-10 13:30:22,365 - INFO - 処理中 (63/119): 000005_face0.jpg
2025-07-10 13:30:22,370 - INFO - 処理中 (64/119): 000110_face0.jpg
2025-07-10 13:30:22,374 - INFO - 処理中 (65/119): 000104_face0.jpg
2025-07-10 13:30:22,379 - INFO - 処理中 (66/119): 000042_face0.jpg
2025-07-10 13:30:22,384 - INFO - 処理中 (67/119): 000038_face0.jpg
2025-07-10 13:30:22,389 - INFO - 処理中 (68/119): 000125_face0.jpg
2025-07-10 13:30:22,393 - INFO - 処理中 (69/119): 000063_face0.jpg
2025-07-10 13:30:22,398 - INFO - 処理中 (70/119): 000019_face0.jpg
2025-07-10 13:30:22,402 - INFO - 処理中 (71/119): 000077_face0.jpg
2025-07-10 13:30:22,407 - INFO - 処理中 (72/119): 000021_face0.jpg
2025-07-10 13:30:22,412 - INFO - 処理中 (73/119): 000092_face0.jpg
2025-07-10 13:30:22,416 - INFO - 処理中 (74/119): 000086_face0.jpg
2025-07-10 13:30:22,421 - INFO - 処理中 (75/119): 000109_face0.jpg
2025-07-10 13:30:22,426 - INFO - 処理中 (76/119): 000035_face0.jpg
2025-07-10 13:30:22,430 - INFO - 処理中 (77/119): 000128_face0.jpg
2025-07-10 13:30:22,434 - INFO - 処理中 (78/119): 000014_face0.jpg
2025-07-10 13:30:22,439 - INFO - 処理中 (79/119): 000071_face0.jpg
2025-07-10 13:30:22,443 - INFO - 処理中 (80/119): 000116_face0.jpg
2025-07-10 13:30:22,447 - INFO - 処理中 (81/119): 000099_face0.jpg
2025-07-10 13:30:22,452 - INFO - 処理中 (82/119): 000050_face0.jpg
2025-07-10 13:30:22,457 - INFO - 処理中 (83/119): 000044_face0.jpg
2025-07-10 13:30:22,462 - INFO - 処理中 (84/119): 000102_face0.jpg
2025-07-10 13:30:22,467 - INFO - 処理中 (85/119): 000012_face0.jpg
2025-07-10 13:30:22,471 - INFO - 処理中 (86/119): 000006_face0.jpg
2025-07-10 13:30:22,476 - INFO - 処理中 (87/119): 000094_face0.jpg
2025-07-10 13:30:22,481 - INFO - 処理中 (88/119): 000027_face0.jpg
2025-07-10 13:30:22,486 - INFO - 処理中 (89/119): 000033_face0.jpg
2025-07-10 13:30:22,490 - INFO - 処理中 (90/119): 000049_face0.jpg
2025-07-10 13:30:22,495 - INFO - 処理中 (91/119): 000080_face0.jpg
2025-07-10 13:30:22,500 - INFO - 処理中 (92/119): 000043_face0.jpg
2025-07-10 13:30:22,505 - INFO - 処理中 (93/119): 000105_face0.jpg
2025-07-10 13:30:22,509 - INFO - 処理中 (94/119): 000039_face0.jpg
2025-07-10 13:30:22,514 - INFO - 処理中 (95/119): 000057_face0.jpg
2025-07-10 13:30:22,518 - INFO - 処理中 (96/119): 000076_face0.jpg
2025-07-10 13:30:22,522 - INFO - 処理中 (97/119): 000062_face0.jpg
2025-07-10 13:30:22,527 - INFO - 処理中 (98/119): 000018_face0.jpg
2025-07-10 13:30:22,531 - INFO - 処理中 (99/119): 000108_face0.jpg
2025-07-10 13:30:22,537 - INFO - 処理中 (100/119): 000034_face0.jpg
2025-07-10 13:30:22,542 - INFO - 処理中 (101/119): 000020_face0.jpg
2025-07-10 13:30:22,547 - INFO - 処理中 (102/119): 000093_face0.jpg
2025-07-10 13:30:22,551 - INFO - 処理中 (103/119): 000001_face0.jpg
2025-07-10 13:30:22,556 - INFO - 処理中 (104/119): 000129_face0.jpg
2025-07-10 13:30:22,561 - INFO - 処理中 (105/119): 000015_face0.jpg
2025-07-10 13:30:22,565 - INFO - 処理中 (106/119): 000098_face1.jpg
2025-07-10 13:30:22,570 - INFO - 処理中 (107/119): 000122_face0.jpg
2025-07-10 13:30:22,574 - INFO - 処理中 (108/119): 000064_face0.jpg
2025-07-10 13:30:22,578 - INFO - 処理中 (109/119): 000103_face0.jpg
2025-07-10 13:30:22,584 - INFO - 処理中 (110/119): 000045_face0.jpg
2025-07-10 13:30:22,588 - INFO - 処理中 (111/119): 000098_face0.jpg
2025-07-10 13:30:22,593 - INFO - 処理中 (112/119): 000117_face0.jpg
2025-07-10 13:30:22,597 - INFO - 処理中 (113/119): 000007_face0.jpg
2025-07-10 13:30:22,603 - INFO - 処理中 (114/119): 000013_face0.jpg
2025-07-10 13:30:22,607 - INFO - 処理中 (115/119): 000032_face0.jpg
2025-07-10 13:30:22,612 - INFO - 処理中 (116/119): 000048_face0.jpg
2025-07-10 13:30:22,616 - INFO - 処理中 (117/119): 000081_face0.jpg
2025-07-10 13:30:22,621 - INFO - 処理中 (118/119): 000095_face0.jpg
2025-07-10 13:30:22,626 - INFO - 処理中 (119/119): 000026_face0.jpg
2025-07-10 13:30:22,630 - INFO - 
ダウンサンプリング完了:
2025-07-10 13:30:22,630 - INFO - 成功: 119 ファイル
2025-07-10 13:30:22,630 - INFO - エラー: 0 ファイル
2025-07-10 13:30:22,630 - INFO - 出力先: detected_faces_downsampled
2025-07-10 13:30:31,224 - INFO - 既存の出力ディレクトリを削除します: detected_faces_downsampled
2025-07-10 13:30:31,224 - INFO - 出力ディレクトリを作成しました: detected_faces_downsampled
2025-07-10 13:30:31,225 - INFO - 処理対象ファイル数: 119
2025-07-10 13:30:31,225 - INFO - 目標サイズ: (224, 224)
2025-07-10 13:30:31,225 - INFO - JPEG品質: 85
2025-07-10 13:30:31,225 - INFO - 処理中 (1/119): 000075_face0.jpg
2025-07-10 13:30:31,247 - INFO - 処理中 (2/119): 000075_face1.jpg
2025-07-10 13:30:31,252 - INFO - 処理中 (3/119): 000054_face0.jpg
2025-07-10 13:30:31,257 - INFO - 処理中 (4/119): 000112_face0.jpg
2025-07-10 13:30:31,262 - INFO - 処理中 (5/119): 000106_face0.jpg
2025-07-10 13:30:31,266 - INFO - 処理中 (6/119): 000089_face0.jpg
2025-07-10 13:30:31,270 - INFO - 処理中 (7/119): 000040_face0.jpg
2025-07-10 13:30:31,276 - INFO - 処理中 (8/119): 000016_face0.jpg
2025-07-10 13:30:31,280 - INFO - 処理中 (9/119): 000002_face0.jpg
2025-07-10 13:30:31,285 - INFO - 処理中 (10/119): 000078_face0.jpg
2025-07-10 13:30:31,290 - INFO - 処理中 (11/119): 000023_face0.jpg
2025-07-10 13:30:31,295 - INFO - 処理中 (12/119): 000059_face0.jpg
2025-07-10 13:30:31,300 - INFO - 処理中 (13/119): 000090_face0.jpg
2025-07-10 13:30:31,304 - INFO - 処理中 (14/119): 000084_face0.jpg
2025-07-10 13:30:31,309 - INFO - 処理中 (15/119): 000037_face0.jpg
2025-07-10 13:30:31,314 - INFO - 処理中 (16/119): 000114_face0.jpg
2025-07-10 13:30:31,319 - INFO - 処理中 (17/119): 000052_face0.jpg
2025-07-10 13:30:31,324 - INFO - 処理中 (18/119): 000028_face0.jpg
2025-07-10 13:30:31,329 - INFO - 処理中 (19/119): 000046_face0.jpg
2025-07-10 13:30:31,336 - INFO - 処理中 (20/119): 000100_face0.jpg
2025-07-10 13:30:31,341 - INFO - 処理中 (21/119): 000067_face0.jpg
2025-07-10 13:30:31,345 - INFO - 処理中 (22/119): 000121_face0.jpg
2025-07-10 13:30:31,350 - INFO - 処理中 (23/119): 000073_face0.jpg
2025-07-10 13:30:31,355 - INFO - 処理中 (24/119): 000028_face1.jpg
2025-07-10 13:30:31,359 - INFO - 処理中 (25/119): 000009_face0.jpg
2025-07-10 13:30:31,364 - INFO - 処理中 (26/119): 000096_face0.jpg
2025-07-10 13:30:31,369 - INFO - 処理中 (27/119): 000119_face0.jpg
2025-07-10 13:30:31,373 - INFO - 処理中 (28/119): 000025_face0.jpg
2025-07-10 13:30:31,377 - INFO - 処理中 (29/119): 000031_face0.jpg
2025-07-10 13:30:31,383 - INFO - 処理中 (30/119): 000004_face0.jpg
2025-07-10 13:30:31,387 - INFO - 処理中 (31/119): 000055_face1.jpg
2025-07-10 13:30:31,392 - INFO - 処理中 (32/119): 000060_face0.jpg
2025-07-10 13:30:31,396 - INFO - 処理中 (33/119): 000126_face0.jpg
2025-07-10 13:30:31,401 - INFO - 処理中 (34/119): 000085_face2.jpg
2025-07-10 13:30:31,406 - INFO - 処理中 (35/119): 000085_face3.jpg
2025-07-10 13:30:31,411 - INFO - 処理中 (36/119): 000088_face0.jpg
2025-07-10 13:30:31,415 - INFO - 処理中 (37/119): 000041_face0.jpg
2025-07-10 13:30:31,421 - INFO - 処理中 (38/119): 000107_face0.jpg
2025-07-10 13:30:31,426 - INFO - 処理中 (39/119): 000113_face0.jpg
2025-07-10 13:30:31,430 - INFO - 処理中 (40/119): 000055_face0.jpg
2025-07-10 13:30:31,434 - INFO - 処理中 (41/119): 000003_face0.jpg
2025-07-10 13:30:31,439 - INFO - 処理中 (42/119): 000017_face0.jpg
2025-07-10 13:30:31,444 - INFO - 処理中 (43/119): 000085_face1.jpg
2025-07-10 13:30:31,449 - INFO - 処理中 (44/119): 000085_face0.jpg
2025-07-10 13:30:31,454 - INFO - 処理中 (45/119): 000036_face0.jpg
2025-07-10 13:30:31,459 - INFO - 処理中 (46/119): 000022_face0.jpg
2025-07-10 13:30:31,464 - INFO - 処理中 (47/119): 000058_face0.jpg
2025-07-10 13:30:31,469 - INFO - 処理中 (48/119): 000101_face0.jpg
2025-07-10 13:30:31,474 - INFO - 処理中 (49/119): 000047_face0.jpg
2025-07-10 13:30:31,478 - INFO - 処理中 (50/119): 000053_face0.jpg
2025-07-10 13:30:31,483 - INFO - 処理中 (51/119): 000115_face0.jpg
2025-07-10 13:30:31,488 - INFO - 処理中 (52/119): 000029_face0.jpg
2025-07-10 13:30:31,493 - INFO - 処理中 (53/119): 000085_face4.jpg
2025-07-10 13:30:31,498 - INFO - 処理中 (54/119): 000085_face5.jpg
2025-07-10 13:30:31,503 - INFO - 処理中 (55/119): 000072_face0.jpg
2025-07-10 13:30:31,507 - INFO - 処理中 (56/119): 000120_face0.jpg
2025-07-10 13:30:31,512 - INFO - 処理中 (57/119): 000066_face0.jpg
2025-07-10 13:30:31,516 - INFO - 処理中 (58/119): 000030_face0.jpg
2025-07-10 13:30:31,520 - INFO - 処理中 (59/119): 000083_face0.jpg
2025-07-10 13:30:31,525 - INFO - 処理中 (60/119): 000097_face0.jpg
2025-07-10 13:30:31,530 - INFO - 処理中 (61/119): 000024_face0.jpg
2025-07-10 13:30:31,535 - INFO - 処理中 (62/119): 000085_face6.jpg
2025-07-10 13:30:31,539 - INFO - 処理中 (63/119): 000005_face0.jpg
2025-07-10 13:30:31,544 - INFO - 処理中 (64/119): 000110_face0.jpg
2025-07-10 13:30:31,549 - INFO - 処理中 (65/119): 000104_face0.jpg
2025-07-10 13:30:31,554 - INFO - 処理中 (66/119): 000042_face0.jpg
2025-07-10 13:30:31,558 - INFO - 処理中 (67/119): 000038_face0.jpg
2025-07-10 13:30:31,563 - INFO - 処理中 (68/119): 000125_face0.jpg
2025-07-10 13:30:31,567 - INFO - 処理中 (69/119): 000063_face0.jpg
2025-07-10 13:30:31,572 - INFO - 処理中 (70/119): 000019_face0.jpg
2025-07-10 13:30:31,576 - INFO - 処理中 (71/119): 000077_face0.jpg
2025-07-10 13:30:31,581 - INFO - 処理中 (72/119): 000021_face0.jpg
2025-07-10 13:30:31,586 - INFO - 処理中 (73/119): 000092_face0.jpg
2025-07-10 13:30:31,591 - INFO - 処理中 (74/119): 000086_face0.jpg
2025-07-10 13:30:31,595 - INFO - 処理中 (75/119): 000109_face0.jpg
2025-07-10 13:30:31,600 - INFO - 処理中 (76/119): 000035_face0.jpg
2025-07-10 13:30:31,604 - INFO - 処理中 (77/119): 000128_face0.jpg
2025-07-10 13:30:31,609 - INFO - 処理中 (78/119): 000014_face0.jpg
2025-07-10 13:30:31,613 - INFO - 処理中 (79/119): 000071_face0.jpg
2025-07-10 13:30:31,617 - INFO - 処理中 (80/119): 000116_face0.jpg
2025-07-10 13:30:31,622 - INFO - 処理中 (81/119): 000099_face0.jpg
2025-07-10 13:30:31,627 - INFO - 処理中 (82/119): 000050_face0.jpg
2025-07-10 13:30:31,632 - INFO - 処理中 (83/119): 000044_face0.jpg
2025-07-10 13:30:31,637 - INFO - 処理中 (84/119): 000102_face0.jpg
2025-07-10 13:30:31,642 - INFO - 処理中 (85/119): 000012_face0.jpg
2025-07-10 13:30:31,647 - INFO - 処理中 (86/119): 000006_face0.jpg
2025-07-10 13:30:31,651 - INFO - 処理中 (87/119): 000094_face0.jpg
2025-07-10 13:30:31,656 - INFO - 処理中 (88/119): 000027_face0.jpg
2025-07-10 13:30:31,661 - INFO - 処理中 (89/119): 000033_face0.jpg
2025-07-10 13:30:31,665 - INFO - 処理中 (90/119): 000049_face0.jpg
2025-07-10 13:30:31,670 - INFO - 処理中 (91/119): 000080_face0.jpg
2025-07-10 13:30:31,675 - INFO - 処理中 (92/119): 000043_face0.jpg
2025-07-10 13:30:31,680 - INFO - 処理中 (93/119): 000105_face0.jpg
2025-07-10 13:30:31,684 - INFO - 処理中 (94/119): 000039_face0.jpg
2025-07-10 13:30:31,689 - INFO - 処理中 (95/119): 000057_face0.jpg
2025-07-10 13:30:31,693 - INFO - 処理中 (96/119): 000076_face0.jpg
2025-07-10 13:30:31,698 - INFO - 処理中 (97/119): 000062_face0.jpg
2025-07-10 13:30:31,702 - INFO - 処理中 (98/119): 000018_face0.jpg
2025-07-10 13:30:31,707 - INFO - 処理中 (99/119): 000108_face0.jpg
2025-07-10 13:30:31,711 - INFO - 処理中 (100/119): 000034_face0.jpg
2025-07-10 13:30:31,716 - INFO - 処理中 (101/119): 000020_face0.jpg
2025-07-10 13:30:31,721 - INFO - 処理中 (102/119): 000093_face0.jpg
2025-07-10 13:30:31,725 - INFO - 処理中 (103/119): 000001_face0.jpg
2025-07-10 13:30:31,730 - INFO - 処理中 (104/119): 000129_face0.jpg
2025-07-10 13:30:31,734 - INFO - 処理中 (105/119): 000015_face0.jpg
2025-07-10 13:30:31,739 - INFO - 処理中 (106/119): 000098_face1.jpg
2025-07-10 13:30:31,743 - INFO - 処理中 (107/119): 000122_face0.jpg
2025-07-10 13:30:31,747 - INFO - 処理中 (108/119): 000064_face0.jpg
2025-07-10 13:30:31,752 - INFO - 処理中 (109/119): 000103_face0.jpg
2025-07-10 13:30:31,756 - INFO - 処理中 (110/119): 000045_face0.jpg
2025-07-10 13:30:31,761 - INFO - 処理中 (111/119): 000098_face0.jpg
2025-07-10 13:30:31,766 - INFO - 処理中 (112/119): 000117_face0.jpg
2025-07-10 13:30:31,770 - INFO - 処理中 (113/119): 000007_face0.jpg
2025-07-10 13:30:31,775 - INFO - 処理中 (114/119): 000013_face0.jpg
2025-07-10 13:30:31,779 - INFO - 処理中 (115/119): 000032_face0.jpg
2025-07-10 13:30:31,784 - INFO - 処理中 (116/119): 000048_face0.jpg
2025-07-10 13:30:31,789 - INFO - 処理中 (117/119): 000081_face0.jpg
2025-07-10 13:30:31,793 - INFO - 処理中 (118/119): 000095_face0.jpg
2025-07-10 13:30:31,798 - INFO - 処理中 (119/119): 000026_face0.jpg
2025-07-10 13:30:31,802 - INFO - 
ダウンサンプリング完了:
2025-07-10 13:30:31,802 - INFO - 成功: 119 ファイル
2025-07-10 13:30:31,802 - INFO - エラー: 0 ファイル
2025-07-10 13:30:31,802 - INFO - 出力先: detected_faces_downsampled
