2025-07-10 13:27:02,421 - INFO - 既存の出力ディレクトリを削除します: test_downsampled
2025-07-10 13:27:02,421 - INFO - 出力ディレクトリを作成しました: test_downsampled
2025-07-10 13:27:02,422 - INFO - 処理対象ファイル数: 113
2025-07-10 13:27:02,422 - INFO - 目標サイズ: (224, 224)
2025-07-10 13:27:02,422 - INFO - JPEG品質: 85
2025-07-10 13:27:02,422 - INFO - 処理中 (1/113): 000026.jpg
2025-07-10 13:27:02,462 - INFO - 処理中 (2/113): 000032.jpg
2025-07-10 13:27:02,467 - INFO - 処理中 (3/113): 000033.jpg
2025-07-10 13:27:02,472 - INFO - 処理中 (4/113): 000027.jpg
2025-07-10 13:27:02,478 - INFO - 処理中 (5/113): 000019.jpg
2025-07-10 13:27:02,483 - INFO - 処理中 (6/113): 000031.jpg
2025-07-10 13:27:02,490 - INFO - 処理中 (7/113): 000025.jpg
2025-07-10 13:27:02,495 - INFO - 処理中 (8/113): 000024.jpg
2025-07-10 13:27:02,501 - INFO - 処理中 (9/113): 000030.jpg
2025-07-10 13:27:02,507 - INFO - 処理中 (10/113): 000018.jpg
2025-07-10 13:27:02,513 - INFO - 処理中 (11/113): 000034.jpg
2025-07-10 13:27:02,520 - INFO - 処理中 (12/113): 000020.jpg
2025-07-10 13:27:02,527 - INFO - 処理中 (13/113): 000009.jpg
2025-07-10 13:27:02,533 - INFO - 処理中 (14/113): 000021.jpg
2025-07-10 13:27:02,539 - INFO - 処理中 (15/113): 000035.jpg
2025-07-10 13:27:02,544 - INFO - 処理中 (16/113): 000023.jpg
2025-07-10 13:27:02,550 - INFO - 処理中 (17/113): 000037.jpg
2025-07-10 13:27:02,555 - INFO - 処理中 (18/113): 000036.jpg
2025-07-10 13:27:02,561 - INFO - 処理中 (19/113): 000022.jpg
2025-07-10 13:27:02,566 - INFO - 処理中 (20/113): 000119.jpg
2025-07-10 13:27:02,572 - INFO - 処理中 (21/113): 000125.jpg
2025-07-10 13:27:02,577 - INFO - 処理中 (22/113): 000045.jpg
2025-07-10 13:27:02,583 - INFO - 処理中 (23/113): 000051.jpg
2025-07-10 13:27:02,588 - INFO - 処理中 (24/113): 000086.jpg
2025-07-10 13:27:02,593 - INFO - 処理中 (25/113): 000092.jpg
2025-07-10 13:27:02,599 - INFO - 処理中 (26/113): 000093.jpg
2025-07-10 13:27:02,605 - INFO - 処理中 (27/113): 000087.jpg
2025-07-10 13:27:02,610 - INFO - 処理中 (28/113): 000050.jpg
2025-07-10 13:27:02,616 - INFO - 処理中 (29/113): 000044.jpg
2025-07-10 13:27:02,621 - INFO - 処理中 (30/113): 000078.jpg
2025-07-10 13:27:02,627 - INFO - 処理中 (31/113): 000118.jpg
2025-07-10 13:27:02,633 - INFO - 処理中 (32/113): 000126.jpg
2025-07-10 13:27:02,638 - INFO - 処理中 (33/113): 000052.jpg
2025-07-10 13:27:02,643 - INFO - 処理中 (34/113): 000046.jpg
2025-07-10 13:27:02,648 - INFO - 処理中 (35/113): 000085.jpg
2025-07-10 13:27:02,655 - INFO - 処理中 (36/113): 000084.jpg
2025-07-10 13:27:02,661 - INFO - 処理中 (37/113): 000090.jpg
2025-07-10 13:27:02,666 - INFO - 処理中 (38/113): 000047.jpg
2025-07-10 13:27:02,672 - INFO - 処理中 (39/113): 000053.jpg
2025-07-10 13:27:02,677 - INFO - 処理中 (40/113): 000057.jpg
2025-07-10 13:27:02,683 - INFO - 処理中 (41/113): 000043.jpg
2025-07-10 13:27:02,689 - INFO - 処理中 (42/113): 000094.jpg
2025-07-10 13:27:02,694 - INFO - 処理中 (43/113): 000080.jpg
2025-07-10 13:27:02,700 - INFO - 処理中 (44/113): 000081.jpg
2025-07-10 13:27:02,705 - INFO - 処理中 (45/113): 000095.jpg
2025-07-10 13:27:02,710 - INFO - 処理中 (46/113): 000042.jpg
2025-07-10 13:27:02,718 - INFO - 処理中 (47/113): 000122.jpg
2025-07-10 13:27:02,723 - INFO - 処理中 (48/113): 000120.jpg
2025-07-10 13:27:02,728 - INFO - 処理中 (49/113): 000108.jpg
2025-07-10 13:27:02,734 - INFO - 処理中 (50/113): 000040.jpg
2025-07-10 13:27:02,739 - INFO - 処理中 (51/113): 000054.jpg
2025-07-10 13:27:02,744 - INFO - 処理中 (52/113): 000083.jpg
2025-07-10 13:27:02,751 - INFO - 処理中 (53/113): 000097.jpg
2025-07-10 13:27:02,756 - INFO - 処理中 (54/113): 000096.jpg
2025-07-10 13:27:02,761 - INFO - 処理中 (55/113): 000055.jpg
2025-07-10 13:27:02,767 - INFO - 処理中 (56/113): 000041.jpg
2025-07-10 13:27:02,772 - INFO - 処理中 (57/113): 000109.jpg
2025-07-10 13:27:02,778 - INFO - 処理中 (58/113): 000121.jpg
2025-07-10 13:27:02,783 - INFO - 処理中 (59/113): 000110.jpg
2025-07-10 13:27:02,788 - INFO - 処理中 (60/113): 000104.jpg
2025-07-10 13:27:02,793 - INFO - 処理中 (61/113): 000058.jpg
2025-07-10 13:27:02,798 - INFO - 処理中 (62/113): 000064.jpg
2025-07-10 13:27:02,804 - INFO - 処理中 (63/113): 000071.jpg
2025-07-10 13:27:02,809 - INFO - 処理中 (64/113): 000065.jpg
2025-07-10 13:27:02,814 - INFO - 処理中 (65/113): 000059.jpg
2025-07-10 13:27:02,820 - INFO - 処理中 (66/113): 000105.jpg
2025-07-10 13:27:02,825 - INFO - 処理中 (67/113): 000107.jpg
2025-07-10 13:27:02,830 - INFO - 処理中 (68/113): 000113.jpg
2025-07-10 13:27:02,836 - INFO - 処理中 (69/113): 000073.jpg
2025-07-10 13:27:02,842 - INFO - 処理中 (70/113): 000067.jpg
2025-07-10 13:27:02,847 - INFO - 処理中 (71/113): 000098.jpg
2025-07-10 13:27:02,853 - INFO - 処理中 (72/113): 000099.jpg
2025-07-10 13:27:02,858 - INFO - 処理中 (73/113): 000066.jpg
2025-07-10 13:27:02,863 - INFO - 処理中 (74/113): 000072.jpg
2025-07-10 13:27:02,869 - INFO - 処理中 (75/113): 000112.jpg
2025-07-10 13:27:02,874 - INFO - 処理中 (76/113): 000106.jpg
2025-07-10 13:27:02,879 - INFO - 処理中 (77/113): 000102.jpg
2025-07-10 13:27:02,885 - INFO - 処理中 (78/113): 000116.jpg
2025-07-10 13:27:02,890 - INFO - 処理中 (79/113): 000076.jpg
2025-07-10 13:27:02,895 - INFO - 処理中 (80/113): 000062.jpg
2025-07-10 13:27:02,901 - INFO - 処理中 (81/113): 000089.jpg
2025-07-10 13:27:02,906 - INFO - 処理中 (82/113): 000088.jpg
2025-07-10 13:27:02,912 - INFO - 処理中 (83/113): 000063.jpg
2025-07-10 13:27:02,917 - INFO - 処理中 (84/113): 000077.jpg
2025-07-10 13:27:02,922 - INFO - 処理中 (85/113): 000117.jpg
2025-07-10 13:27:02,927 - INFO - 処理中 (86/113): 000103.jpg
2025-07-10 13:27:02,933 - INFO - 処理中 (87/113): 000115.jpg
2025-07-10 13:27:02,938 - INFO - 処理中 (88/113): 000101.jpg
2025-07-10 13:27:02,943 - INFO - 処理中 (89/113): 000129.jpg
2025-07-10 13:27:02,949 - INFO - 処理中 (90/113): 000075.jpg
2025-07-10 13:27:02,954 - INFO - 処理中 (91/113): 000049.jpg
2025-07-10 13:27:02,960 - INFO - 処理中 (92/113): 000048.jpg
2025-07-10 13:27:02,965 - INFO - 処理中 (93/113): 000060.jpg
2025-07-10 13:27:02,970 - INFO - 処理中 (94/113): 000128.jpg
2025-07-10 13:27:02,976 - INFO - 処理中 (95/113): 000100.jpg
2025-07-10 13:27:02,981 - INFO - 処理中 (96/113): 000114.jpg
2025-07-10 13:27:02,986 - INFO - 処理中 (97/113): 000007.jpg
2025-07-10 13:27:02,992 - INFO - 処理中 (98/113): 000013.jpg
2025-07-10 13:27:02,997 - INFO - 処理中 (99/113): 000012.jpg
2025-07-10 13:27:03,003 - INFO - 処理中 (100/113): 000006.jpg
2025-07-10 13:27:03,008 - INFO - 処理中 (101/113): 000038.jpg
2025-07-10 13:27:03,013 - INFO - 処理中 (102/113): 000004.jpg
2025-07-10 13:27:03,019 - INFO - 処理中 (103/113): 000005.jpg
2025-07-10 13:27:03,026 - INFO - 処理中 (104/113): 000039.jpg
2025-07-10 13:27:03,032 - INFO - 処理中 (105/113): 000015.jpg
2025-07-10 13:27:03,039 - INFO - 処理中 (106/113): 000001.jpg
2025-07-10 13:27:03,047 - INFO - 処理中 (107/113): 000029.jpg
2025-07-10 13:27:03,053 - INFO - 処理中 (108/113): 000028.jpg
2025-07-10 13:27:03,059 - INFO - 処理中 (109/113): 000014.jpg
2025-07-10 13:27:03,064 - INFO - 処理中 (110/113): 000002.jpg
2025-07-10 13:27:03,070 - INFO - 処理中 (111/113): 000016.jpg
2025-07-10 13:27:03,075 - INFO - 処理中 (112/113): 000017.jpg
2025-07-10 13:27:03,081 - INFO - 処理中 (113/113): 000003.jpg
2025-07-10 13:27:03,087 - INFO - 
ダウンサンプリング完了:
2025-07-10 13:27:03,087 - INFO - 成功: 113 ファイル
2025-07-10 13:27:03,087 - INFO - エラー: 0 ファイル
2025-07-10 13:27:03,087 - INFO - 出力先: test_downsampled
2025-07-10 13:55:04,999 - INFO - 既存の出力ディレクトリを削除します: test_downsampled
2025-07-10 13:55:05,000 - INFO - 出力ディレクトリを作成しました: test_downsampled
2025-07-10 13:55:05,001 - INFO - 処理対象ファイル数: 113
2025-07-10 13:55:05,001 - INFO - 目標サイズ: (128, 128)
2025-07-10 13:55:05,001 - INFO - JPEG品質: 85
2025-07-10 13:55:05,001 - INFO - 処理中 (1/113): 000026.jpg
2025-07-10 13:55:05,031 - INFO - 処理中 (2/113): 000032.jpg
2025-07-10 13:55:05,035 - INFO - 処理中 (3/113): 000033.jpg
2025-07-10 13:55:05,039 - INFO - 処理中 (4/113): 000027.jpg
2025-07-10 13:55:05,043 - INFO - 処理中 (5/113): 000019.jpg
2025-07-10 13:55:05,047 - INFO - 処理中 (6/113): 000031.jpg
2025-07-10 13:55:05,051 - INFO - 処理中 (7/113): 000025.jpg
2025-07-10 13:55:05,055 - INFO - 処理中 (8/113): 000024.jpg
2025-07-10 13:55:05,058 - INFO - 処理中 (9/113): 000030.jpg
2025-07-10 13:55:05,062 - INFO - 処理中 (10/113): 000018.jpg
2025-07-10 13:55:05,066 - INFO - 処理中 (11/113): 000034.jpg
2025-07-10 13:55:05,069 - INFO - 処理中 (12/113): 000020.jpg
2025-07-10 13:55:05,073 - INFO - 処理中 (13/113): 000009.jpg
2025-07-10 13:55:05,077 - INFO - 処理中 (14/113): 000021.jpg
2025-07-10 13:55:05,081 - INFO - 処理中 (15/113): 000035.jpg
2025-07-10 13:55:05,084 - INFO - 処理中 (16/113): 000023.jpg
2025-07-10 13:55:05,088 - INFO - 処理中 (17/113): 000037.jpg
2025-07-10 13:55:05,092 - INFO - 処理中 (18/113): 000036.jpg
2025-07-10 13:55:05,096 - INFO - 処理中 (19/113): 000022.jpg
2025-07-10 13:55:05,100 - INFO - 処理中 (20/113): 000119.jpg
2025-07-10 13:55:05,103 - INFO - 処理中 (21/113): 000125.jpg
2025-07-10 13:55:05,107 - INFO - 処理中 (22/113): 000045.jpg
2025-07-10 13:55:05,111 - INFO - 処理中 (23/113): 000051.jpg
2025-07-10 13:55:05,114 - INFO - 処理中 (24/113): 000086.jpg
2025-07-10 13:55:05,118 - INFO - 処理中 (25/113): 000092.jpg
2025-07-10 13:55:05,122 - INFO - 処理中 (26/113): 000093.jpg
2025-07-10 13:55:05,126 - INFO - 処理中 (27/113): 000087.jpg
2025-07-10 13:55:05,129 - INFO - 処理中 (28/113): 000050.jpg
2025-07-10 13:55:05,133 - INFO - 処理中 (29/113): 000044.jpg
2025-07-10 13:55:05,137 - INFO - 処理中 (30/113): 000078.jpg
2025-07-10 13:55:05,141 - INFO - 処理中 (31/113): 000118.jpg
2025-07-10 13:55:05,145 - INFO - 処理中 (32/113): 000126.jpg
2025-07-10 13:55:05,149 - INFO - 処理中 (33/113): 000052.jpg
2025-07-10 13:55:05,153 - INFO - 処理中 (34/113): 000046.jpg
2025-07-10 13:55:05,157 - INFO - 処理中 (35/113): 000085.jpg
2025-07-10 13:55:05,161 - INFO - 処理中 (36/113): 000084.jpg
2025-07-10 13:55:05,165 - INFO - 処理中 (37/113): 000090.jpg
2025-07-10 13:55:05,176 - INFO - 処理中 (38/113): 000047.jpg
2025-07-10 13:55:05,201 - INFO - 処理中 (39/113): 000053.jpg
2025-07-10 13:55:05,245 - INFO - 処理中 (40/113): 000057.jpg
2025-07-10 13:55:05,250 - INFO - 処理中 (41/113): 000043.jpg
2025-07-10 13:55:05,254 - INFO - 処理中 (42/113): 000094.jpg
2025-07-10 13:55:05,260 - INFO - 処理中 (43/113): 000080.jpg
2025-07-10 13:55:05,267 - INFO - 処理中 (44/113): 000081.jpg
2025-07-10 13:55:05,273 - INFO - 処理中 (45/113): 000095.jpg
2025-07-10 13:55:05,277 - INFO - 処理中 (46/113): 000042.jpg
2025-07-10 13:55:05,282 - INFO - 処理中 (47/113): 000122.jpg
2025-07-10 13:55:05,286 - INFO - 処理中 (48/113): 000120.jpg
2025-07-10 13:55:05,290 - INFO - 処理中 (49/113): 000108.jpg
2025-07-10 13:55:05,295 - INFO - 処理中 (50/113): 000040.jpg
2025-07-10 13:55:05,299 - INFO - 処理中 (51/113): 000054.jpg
2025-07-10 13:55:05,303 - INFO - 処理中 (52/113): 000083.jpg
2025-07-10 13:55:05,308 - INFO - 処理中 (53/113): 000097.jpg
2025-07-10 13:55:05,312 - INFO - 処理中 (54/113): 000096.jpg
2025-07-10 13:55:05,316 - INFO - 処理中 (55/113): 000055.jpg
2025-07-10 13:55:05,320 - INFO - 処理中 (56/113): 000041.jpg
2025-07-10 13:55:05,324 - INFO - 処理中 (57/113): 000109.jpg
2025-07-10 13:55:05,328 - INFO - 処理中 (58/113): 000121.jpg
2025-07-10 13:55:05,332 - INFO - 処理中 (59/113): 000110.jpg
2025-07-10 13:55:05,336 - INFO - 処理中 (60/113): 000104.jpg
2025-07-10 13:55:05,340 - INFO - 処理中 (61/113): 000058.jpg
2025-07-10 13:55:05,344 - INFO - 処理中 (62/113): 000064.jpg
2025-07-10 13:55:05,348 - INFO - 処理中 (63/113): 000071.jpg
2025-07-10 13:55:05,352 - INFO - 処理中 (64/113): 000065.jpg
2025-07-10 13:55:05,356 - INFO - 処理中 (65/113): 000059.jpg
2025-07-10 13:55:05,360 - INFO - 処理中 (66/113): 000105.jpg
2025-07-10 13:55:05,364 - INFO - 処理中 (67/113): 000107.jpg
2025-07-10 13:55:05,368 - INFO - 処理中 (68/113): 000113.jpg
2025-07-10 13:55:05,372 - INFO - 処理中 (69/113): 000073.jpg
2025-07-10 13:55:05,376 - INFO - 処理中 (70/113): 000067.jpg
2025-07-10 13:55:05,380 - INFO - 処理中 (71/113): 000098.jpg
2025-07-10 13:55:05,384 - INFO - 処理中 (72/113): 000099.jpg
2025-07-10 13:55:05,387 - INFO - 処理中 (73/113): 000066.jpg
2025-07-10 13:55:05,391 - INFO - 処理中 (74/113): 000072.jpg
2025-07-10 13:55:05,394 - INFO - 処理中 (75/113): 000112.jpg
2025-07-10 13:55:05,398 - INFO - 処理中 (76/113): 000106.jpg
2025-07-10 13:55:05,402 - INFO - 処理中 (77/113): 000102.jpg
2025-07-10 13:55:05,405 - INFO - 処理中 (78/113): 000116.jpg
2025-07-10 13:55:05,409 - INFO - 処理中 (79/113): 000076.jpg
2025-07-10 13:55:05,412 - INFO - 処理中 (80/113): 000062.jpg
2025-07-10 13:55:05,416 - INFO - 処理中 (81/113): 000089.jpg
2025-07-10 13:55:05,419 - INFO - 処理中 (82/113): 000088.jpg
2025-07-10 13:55:05,423 - INFO - 処理中 (83/113): 000063.jpg
2025-07-10 13:55:05,426 - INFO - 処理中 (84/113): 000077.jpg
2025-07-10 13:55:05,430 - INFO - 処理中 (85/113): 000117.jpg
2025-07-10 13:55:05,433 - INFO - 処理中 (86/113): 000103.jpg
2025-07-10 13:55:05,437 - INFO - 処理中 (87/113): 000115.jpg
2025-07-10 13:55:05,440 - INFO - 処理中 (88/113): 000101.jpg
2025-07-10 13:55:05,444 - INFO - 処理中 (89/113): 000129.jpg
2025-07-10 13:55:05,448 - INFO - 処理中 (90/113): 000075.jpg
2025-07-10 13:55:05,451 - INFO - 処理中 (91/113): 000049.jpg
2025-07-10 13:55:05,455 - INFO - 処理中 (92/113): 000048.jpg
2025-07-10 13:55:05,459 - INFO - 処理中 (93/113): 000060.jpg
2025-07-10 13:55:05,462 - INFO - 処理中 (94/113): 000128.jpg
2025-07-10 13:55:05,466 - INFO - 処理中 (95/113): 000100.jpg
2025-07-10 13:55:05,469 - INFO - 処理中 (96/113): 000114.jpg
2025-07-10 13:55:05,473 - INFO - 処理中 (97/113): 000007.jpg
2025-07-10 13:55:05,476 - INFO - 処理中 (98/113): 000013.jpg
2025-07-10 13:55:05,480 - INFO - 処理中 (99/113): 000012.jpg
2025-07-10 13:55:05,483 - INFO - 処理中 (100/113): 000006.jpg
2025-07-10 13:55:05,487 - INFO - 処理中 (101/113): 000038.jpg
2025-07-10 13:55:05,490 - INFO - 処理中 (102/113): 000004.jpg
2025-07-10 13:55:05,493 - INFO - 処理中 (103/113): 000005.jpg
2025-07-10 13:55:05,497 - INFO - 処理中 (104/113): 000039.jpg
2025-07-10 13:55:05,501 - INFO - 処理中 (105/113): 000015.jpg
2025-07-10 13:55:05,505 - INFO - 処理中 (106/113): 000001.jpg
2025-07-10 13:55:05,508 - INFO - 処理中 (107/113): 000029.jpg
2025-07-10 13:55:05,512 - INFO - 処理中 (108/113): 000028.jpg
2025-07-10 13:55:05,516 - INFO - 処理中 (109/113): 000014.jpg
2025-07-10 13:55:05,520 - INFO - 処理中 (110/113): 000002.jpg
2025-07-10 13:55:05,523 - INFO - 処理中 (111/113): 000016.jpg
2025-07-10 13:55:05,527 - INFO - 処理中 (112/113): 000017.jpg
2025-07-10 13:55:05,531 - INFO - 処理中 (113/113): 000003.jpg
2025-07-10 13:55:05,534 - INFO - 
ダウンサンプリング完了:
2025-07-10 13:55:05,534 - INFO - 成功: 113 ファイル
2025-07-10 13:55:05,534 - INFO - エラー: 0 ファイル
2025-07-10 13:55:05,534 - INFO - 出力先: test_downsampled
